I'm sorry, but errors were detected in your script. Please correct the
errors listed below, and try again.


The label start is defined twice, at File "game/script.rpyc", line 11:

and File "game/scripts/system/script.rpy", line 1:
label start:


Ren'Py Version: Ren'Py 8.0.3.22090809
Tue May  9 20:35:54 2023
